../Core/Src/main.c:268:5:main	28
../Core/Src/main.c:389:6:SystemClock_Config	4
../Core/Src/main.c:448:13:MX_TIM2_Init	4
../Core/Src/main.c:493:13:MX_USART1_UART_Init	5
../Core/Src/main.c:541:13:MX_USART2_UART_Init	5
../Core/Src/main.c:587:13:MX_DMA_Init	1
../Core/Src/main.c:611:13:MX_GPIO_Init	1
../Core/Src/main.c:671:6:HAL_TIM_PeriodElapsedCallback	1
../Core/Src/main.c:675:13:timer_handler	5
../Core/Src/main.c:696:6:Display_spo2_success	5
../Core/Src/main.c:725:13:Display_spo2_error	8
../Core/Src/main.c:763:6:HAL_UARTEx_RxEventCallback	2
../Core/Src/main.c:770:13:Ring_buffer_init	1
../Core/Src/main.c:775:17:Ring_buffer_count	2
../Core/Src/main.c:783:13:Ring_buffer_write	3
../Core/Src/main.c:794:13:Ring_buffer_read	2
../Core/Src/main.c:801:16:Checksum	2
../Core/Src/main.c:816:13:Ring_write_handler	4
../Core/Src/main.c:841:13:Ring_read_handler	8
../Core/Src/main.c:883:13:packet_dispatcher	5
../Core/Src/main.c:904:13:ecg_handler	13
../Core/Src/main.c:967:13:spo2_handler	23
../Core/Src/main.c:1081:13:nibp_handler	11
../Core/Src/main.c:1136:6:Error_Handler	1
